21:02:36 [INFO] All plugins unloaded
21:02:36 [INFO] No installed plugins to load
21:02:36 [INFO] Found 0 installed plugin(s)
21:02:36 [INFO] Stremio server started on port 8080
21:02:36 [INFO] 🎬 Bridge running at http://10.1.1.134:8080/manifest.json
22:02:36 [INFO] Checking for extension updates…
23:02:36 [INFO] Checking for extension updates…
00:02:36 [INFO] Checking for extension updates…
01:02:37 [INFO] Checking for extension updates…
01:53:33 [INFO] All plugins unloaded
01:53:33 [INFO] No installed plugins to load
01:53:33 [INFO] Found 0 installed plugin(s)
01:53:34 [INFO] Stremio server started on port 8080
01:53:34 [INFO] 🎬 Bridge running at http://10.1.0.227:8080/manifest.json
02:53:34 [INFO] Checking for extension updates…
03:53:34 [INFO] Checking for extension updates…
04:53:35 [INFO] Checking for extension updates…
05:53:35 [INFO] Checking for extension updates…
06:44:34 [INFO] All plugins unloaded
06:44:34 [INFO] No installed plugins to load
06:44:34 [INFO] Found 0 installed plugin(s)
06:44:34 [INFO] Stremio server started on port 8080
06:44:34 [INFO] 🎬 Bridge running at http://10.1.0.169:8080/manifest.json
07:44:34 [INFO] Checking for extension updates…
08:44:34 [INFO] Checking for extension updates…
09:44:35 [INFO] Checking for extension updates…
10:44:35 [INFO] Checking for extension updates…
11:35:28 [INFO] All plugins unloaded
11:35:28 [INFO] No installed plugins to load
11:35:28 [INFO] Found 0 installed plugin(s)
11:35:28 [INFO] Stremio server started on port 8080
11:35:28 [INFO] 🎬 Bridge running at http://10.1.1.50:8080/manifest.json
12:35:28 [INFO] Checking for extension updates…
13:35:29 [INFO] Checking for extension updates…
14:35:29 [INFO] Checking for extension updates…
15:35:30 [INFO] Checking for extension updates…
16:26:33 [INFO] All plugins unloaded
16:26:33 [INFO] No installed plugins to load
16:26:33 [INFO] Found 0 installed plugin(s)
16:26:33 [INFO] Stremio server started on port 8080
16:26:33 [INFO] 🎬 Bridge running at http://10.1.1.43:8080/manifest.json
17:26:33 [INFO] Checking for extension updates…
18:26:34 [INFO] Checking for extension updates…
19:26:34 [INFO] Checking for extension updates…
20:26:35 [INFO] Checking for extension updates…
21:17:58 [INFO] All plugins unloaded
21:17:58 [INFO] No installed plugins to load
21:17:58 [INFO] Found 0 installed plugin(s)
21:17:59 [INFO] Stremio server started on port 8080
21:17:59 [INFO] 🎬 Bridge running at http://10.1.0.140:8080/manifest.json
22:17:59 [INFO] Checking for extension updates…
23:18:05 [INFO] Checking for extension updates…
00:18:06 [INFO] Checking for extension updates…
01:18:07 [INFO] Checking for extension updates…
02:08:54 [INFO] All plugins unloaded
02:08:54 [INFO] No installed plugins to load
02:08:54 [INFO] Found 0 installed plugin(s)
02:08:54 [INFO] Stremio server started on port 8080
02:08:54 [INFO] 🎬 Bridge running at http://10.1.1.116:8080/manifest.json
03:08:54 [INFO] Checking for extension updates…
04:08:54 [INFO] Checking for extension updates…
05:08:55 [INFO] Checking for extension updates…
06:08:55 [INFO] Checking for extension updates…
06:59:52 [INFO] All plugins unloaded
06:59:52 [INFO] No installed plugins to load
06:59:52 [INFO] Found 0 installed plugin(s)
06:59:53 [INFO] Stremio server started on port 8080
06:59:53 [INFO] 🎬 Bridge running at http://10.1.0.250:8080/manifest.json
07:59:53 [INFO] Checking for extension updates…
08:59:53 [INFO] Checking for extension updates…
09:59:53 [INFO] Checking for extension updates…
10:59:53 [INFO] Checking for extension updates…
11:50:54 [INFO] All plugins unloaded
11:50:54 [INFO] No installed plugins to load
11:50:54 [INFO] Found 0 installed plugin(s)
11:50:54 [INFO] Stremio server started on port 8080
11:50:54 [INFO] 🎬 Bridge running at http://10.1.0.229:8080/manifest.json
12:50:54 [INFO] Checking for extension updates…
13:50:55 [INFO] Checking for extension updates…
14:50:55 [INFO] Checking for extension updates…
15:50:55 [INFO] Checking for extension updates…
16:41:56 [INFO] All plugins unloaded
16:41:56 [INFO] No installed plugins to load
16:41:56 [INFO] Found 0 installed plugin(s)
16:41:56 [INFO] Stremio server started on port 8080
16:41:56 [INFO] 🎬 Bridge running at http://10.1.1.222:8080/manifest.json
17:41:56 [INFO] Checking for extension updates…
18:41:56 [INFO] Checking for extension updates…
19:41:57 [INFO] Checking for extension updates…
20:41:57 [INFO] Checking for extension updates…
21:32:56 [INFO] All plugins unloaded
21:32:56 [INFO] No installed plugins to load
21:32:56 [INFO] Found 0 installed plugin(s)
21:32:56 [INFO] Stremio server started on port 8080
21:32:56 [INFO] 🎬 Bridge running at http://10.1.1.170:8080/manifest.json
22:32:56 [INFO] Checking for extension updates…
23:32:57 [INFO] Checking for extension updates…
00:32:57 [INFO] Checking for extension updates…
01:32:57 [INFO] Checking for extension updates…
02:23:45 [INFO] All plugins unloaded
02:23:45 [INFO] No installed plugins to load
02:23:45 [INFO] Found 0 installed plugin(s)
02:23:46 [INFO] Stremio server started on port 8080
02:23:46 [INFO] 🎬 Bridge running at http://10.1.0.98:8080/manifest.json
03:23:46 [INFO] Checking for extension updates…
04:23:46 [INFO] Checking for extension updates…
05:23:46 [INFO] Checking for extension updates…
06:23:46 [INFO] Checking for extension updates…
07:14:49 [INFO] All plugins unloaded
07:14:49 [INFO] No installed plugins to load
07:14:49 [INFO] Found 0 installed plugin(s)
07:14:49 [INFO] Stremio server started on port 8080
07:14:49 [INFO] 🎬 Bridge running at http://10.1.0.141:8080/manifest.json
08:14:49 [INFO] Checking for extension updates…
09:14:49 [INFO] Checking for extension updates…
10:14:49 [INFO] Checking for extension updates…
11:14:50 [INFO] Checking for extension updates…
12:06:09 [INFO] All plugins unloaded
12:06:09 [INFO] No installed plugins to load
12:06:09 [INFO] Found 0 installed plugin(s)
12:06:09 [INFO] Stremio server started on port 8080
12:06:09 [INFO] 🎬 Bridge running at http://10.1.0.221:8080/manifest.json
13:06:09 [INFO] Checking for extension updates…
14:06:10 [INFO] Checking for extension updates…
15:06:10 [INFO] Checking for extension updates…
16:06:11 [INFO] Checking for extension updates…
16:57:08 [INFO] All plugins unloaded
16:57:08 [INFO] No installed plugins to load
16:57:08 [INFO] Found 0 installed plugin(s)
16:57:08 [INFO] Stremio server started on port 8080
16:57:08 [INFO] 🎬 Bridge running at http://10.1.0.178:8080/manifest.json
17:57:08 [INFO] Checking for extension updates…
18:57:10 [INFO] Checking for extension updates…
19:57:10 [INFO] Checking for extension updates…
20:57:10 [INFO] Checking for extension updates…
21:48:02 [INFO] All plugins unloaded
21:48:02 [INFO] No installed plugins to load
21:48:02 [INFO] Found 0 installed plugin(s)
21:48:03 [INFO] Stremio server started on port 8080
21:48:03 [INFO] 🎬 Bridge running at http://10.1.0.156:8080/manifest.json
22:48:03 [INFO] Checking for extension updates…
23:48:04 [INFO] Checking for extension updates…
00:48:04 [INFO] Checking for extension updates…
01:48:04 [INFO] Checking for extension updates…
02:38:51 [INFO] All plugins unloaded
02:38:51 [INFO] No installed plugins to load
02:38:51 [INFO] Found 0 installed plugin(s)
02:38:51 [INFO] Stremio server started on port 8080
02:38:51 [INFO] 🎬 Bridge running at http://10.1.0.78:8080/manifest.json
03:38:51 [INFO] Checking for extension updates…
04:38:52 [INFO] Checking for extension updates…
05:38:52 [INFO] Checking for extension updates…
06:38:52 [INFO] Checking for extension updates…
07:29:52 [INFO] All plugins unloaded
07:29:52 [INFO] No installed plugins to load
07:29:52 [INFO] Found 0 installed plugin(s)
07:29:53 [INFO] Stremio server started on port 8080
07:29:53 [INFO] 🎬 Bridge running at http://10.1.0.202:8080/manifest.json
08:29:53 [INFO] Checking for extension updates…
09:29:53 [INFO] Checking for extension updates…
10:29:53 [INFO] Checking for extension updates…
11:29:54 [INFO] Checking for extension updates…
12:20:55 [INFO] All plugins unloaded
12:20:55 [INFO] No installed plugins to load
12:20:55 [INFO] Found 0 installed plugin(s)
12:20:55 [INFO] Stremio server started on port 8080
12:20:55 [INFO] 🎬 Bridge running at http://10.1.1.157:8080/manifest.json
13:20:55 [INFO] Checking for extension updates…
14:20:55 [INFO] Checking for extension updates…
15:20:55 [INFO] Checking for extension updates…
16:20:56 [INFO] Checking for extension updates…
17:11:53 [INFO] All plugins unloaded
17:11:53 [INFO] No installed plugins to load
17:11:53 [INFO] Found 0 installed plugin(s)
17:11:53 [INFO] Stremio server started on port 8080
17:11:53 [INFO] 🎬 Bridge running at http://10.1.0.45:8080/manifest.json
18:11:53 [INFO] Checking for extension updates…
19:11:54 [INFO] Checking for extension updates…
20:11:54 [INFO] Checking for extension updates…
21:11:54 [INFO] Checking for extension updates…
22:02:49 [INFO] All plugins unloaded
22:02:49 [INFO] No installed plugins to load
22:02:49 [INFO] Found 0 installed plugin(s)
22:02:50 [INFO] Stremio server started on port 8080
22:02:50 [INFO] 🎬 Bridge running at http://10.1.0.144:8080/manifest.json
23:02:50 [INFO] Checking for extension updates…
00:02:50 [INFO] Checking for extension updates…
01:02:50 [INFO] Checking for extension updates…
02:02:50 [INFO] Checking for extension updates…
02:53:55 [INFO] All plugins unloaded
02:53:55 [INFO] No installed plugins to load
02:53:55 [INFO] Found 0 installed plugin(s)
02:53:56 [INFO] Stremio server started on port 8080
02:53:56 [INFO] 🎬 Bridge running at http://10.1.0.156:8080/manifest.json
03:53:56 [INFO] Checking for extension updates…
04:53:56 [INFO] Checking for extension updates…
05:53:56 [INFO] Checking for extension updates…
06:53:56 [INFO] Checking for extension updates…
07:45:00 [INFO] All plugins unloaded
07:45:00 [INFO] No installed plugins to load
07:45:00 [INFO] Found 0 installed plugin(s)
07:45:00 [INFO] Stremio server started on port 8080
07:45:00 [INFO] 🎬 Bridge running at http://10.1.0.184:8080/manifest.json
08:45:00 [INFO] Checking for extension updates…
09:45:00 [INFO] Checking for extension updates…
10:45:01 [INFO] Checking for extension updates…
11:45:01 [INFO] Checking for extension updates…
12:36:02 [INFO] All plugins unloaded
12:36:02 [INFO] No installed plugins to load
12:36:02 [INFO] Found 0 installed plugin(s)
12:36:02 [INFO] Stremio server started on port 8080
12:36:02 [INFO] 🎬 Bridge running at http://10.1.0.177:8080/manifest.json
13:36:02 [INFO] Checking for extension updates…
14:36:02 [INFO] Checking for extension updates…
15:36:02 [INFO] Checking for extension updates…
16:36:03 [INFO] Checking for extension updates…
17:26:57 [INFO] All plugins unloaded
17:26:57 [INFO] No installed plugins to load
17:26:57 [INFO] Found 0 installed plugin(s)
17:26:57 [INFO] Stremio server started on port 8080
17:26:57 [INFO] 🎬 Bridge running at http://10.1.0.188:8080/manifest.json
18:26:57 [INFO] Checking for extension updates…
19:26:57 [INFO] Checking for extension updates…
20:27:13 [INFO] Checking for extension updates…
21:27:13 [INFO] Checking for extension updates…
22:17:52 [INFO] All plugins unloaded
22:17:52 [INFO] No installed plugins to load
22:17:52 [INFO] Found 0 installed plugin(s)
22:17:52 [INFO] Stremio server started on port 8080
22:17:52 [INFO] 🎬 Bridge running at http://10.1.0.144:8080/manifest.json
23:17:52 [INFO] Checking for extension updates…
00:17:54 [INFO] Checking for extension updates…
01:17:55 [INFO] Checking for extension updates…
02:17:56 [INFO] Checking for extension updates…
03:08:53 [INFO] All plugins unloaded
03:08:53 [INFO] No installed plugins to load
03:08:53 [INFO] Found 0 installed plugin(s)
03:08:53 [INFO] Stremio server started on port 8080
03:08:53 [INFO] 🎬 Bridge running at http://10.1.0.155:8080/manifest.json
04:08:53 [INFO] Checking for extension updates…
05:08:53 [INFO] Checking for extension updates…
06:08:54 [INFO] Checking for extension updates…
07:08:54 [INFO] Checking for extension updates…
07:59:52 [INFO] All plugins unloaded
07:59:52 [INFO] No installed plugins to load
07:59:52 [INFO] Found 0 installed plugin(s)
07:59:52 [INFO] Stremio server started on port 8080
07:59:52 [INFO] 🎬 Bridge running at http://10.1.1.104:8080/manifest.json
08:59:52 [INFO] Checking for extension updates…
09:59:52 [INFO] Checking for extension updates…
10:59:52 [INFO] Checking for extension updates…
11:59:53 [INFO] Checking for extension updates…
12:50:51 [INFO] All plugins unloaded
12:50:51 [INFO] No installed plugins to load
12:50:51 [INFO] Found 0 installed plugin(s)
12:50:51 [INFO] Stremio server started on port 8080
12:50:51 [INFO] 🎬 Bridge running at http://10.1.0.75:8080/manifest.json
13:50:51 [INFO] Checking for extension updates…
14:50:51 [INFO] Checking for extension updates…
15:50:52 [INFO] Checking for extension updates…
16:50:52 [INFO] Checking for extension updates…
17:41:51 [INFO] All plugins unloaded
17:41:51 [INFO] No installed plugins to load
17:41:51 [INFO] Found 0 installed plugin(s)
17:41:51 [INFO] Stremio server started on port 8080
17:41:52 [INFO] 🎬 Bridge running at http://10.1.1.109:8080/manifest.json
18:41:52 [INFO] Checking for extension updates…
19:41:52 [INFO] Checking for extension updates…
20:41:52 [INFO] Checking for extension updates…
21:41:52 [INFO] Checking for extension updates…
22:33:00 [INFO] All plugins unloaded
22:33:00 [INFO] No installed plugins to load
22:33:00 [INFO] Found 0 installed plugin(s)
22:33:00 [INFO] Stremio server started on port 8080
22:33:00 [INFO] 🎬 Bridge running at http://10.1.0.21:8080/manifest.json
23:33:00 [INFO] Checking for extension updates…
00:33:01 [INFO] Checking for extension updates…
01:33:02 [INFO] Checking for extension updates…
02:33:02 [INFO] Checking for extension updates…
03:24:05 [INFO] All plugins unloaded
03:24:05 [INFO] No installed plugins to load
03:24:05 [INFO] Found 0 installed plugin(s)
03:24:05 [INFO] Stremio server started on port 8080
03:24:05 [INFO] 🎬 Bridge running at http://10.1.0.236:8080/manifest.json
04:24:05 [INFO] Checking for extension updates…
05:24:06 [INFO] Checking for extension updates…
06:24:06 [INFO] Checking for extension updates…
07:24:06 [INFO] Checking for extension updates…
08:15:06 [INFO] All plugins unloaded
08:15:06 [INFO] No installed plugins to load
08:15:06 [INFO] Found 0 installed plugin(s)
08:15:06 [INFO] Stremio server started on port 8080
08:15:06 [INFO] 🎬 Bridge running at http://10.1.0.12:8080/manifest.json
09:15:06 [INFO] Checking for extension updates…
10:15:07 [INFO] Checking for extension updates…
11:15:07 [INFO] Checking for extension updates…
12:15:08 [INFO] Checking for extension updates…
13:06:00 [INFO] All plugins unloaded
13:06:00 [INFO] No installed plugins to load
13:06:00 [INFO] Found 0 installed plugin(s)
13:06:00 [INFO] Stremio server started on port 8080
13:06:00 [INFO] 🎬 Bridge running at http://10.1.0.38:8080/manifest.json
14:06:00 [INFO] Checking for extension updates…
15:06:01 [INFO] Checking for extension updates…
16:06:01 [INFO] Checking for extension updates…
17:06:02 [INFO] Checking for extension updates…
17:56:56 [INFO] All plugins unloaded
17:56:56 [INFO] No installed plugins to load
17:56:56 [INFO] Found 0 installed plugin(s)
17:56:56 [INFO] Stremio server started on port 8080
17:56:56 [INFO] 🎬 Bridge running at http://10.1.0.41:8080/manifest.json
18:56:56 [INFO] Checking for extension updates…
19:56:57 [INFO] Checking for extension updates…
20:56:57 [INFO] Checking for extension updates…
21:56:57 [INFO] Checking for extension updates…
22:47:55 [INFO] All plugins unloaded
22:47:55 [INFO] No installed plugins to load
22:47:55 [INFO] Found 0 installed plugin(s)
22:47:55 [INFO] Stremio server started on port 8080
22:47:55 [INFO] 🎬 Bridge running at http://10.1.0.16:8080/manifest.json
23:47:55 [INFO] Checking for extension updates…
00:47:55 [INFO] Checking for extension updates…
01:47:56 [INFO] Checking for extension updates…
02:47:56 [INFO] Checking for extension updates…
03:38:56 [INFO] All plugins unloaded
03:38:56 [INFO] No installed plugins to load
03:38:56 [INFO] Found 0 installed plugin(s)
03:38:56 [INFO] Stremio server started on port 8080
03:38:56 [INFO] 🎬 Bridge running at http://10.1.0.155:8080/manifest.json
04:38:56 [INFO] Checking for extension updates…
05:38:56 [INFO] Checking for extension updates…
06:38:57 [INFO] Checking for extension updates…
07:38:57 [INFO] Checking for extension updates…
08:29:55 [INFO] All plugins unloaded
08:29:55 [INFO] No installed plugins to load
08:29:55 [INFO] Found 0 installed plugin(s)
08:29:55 [INFO] Stremio server started on port 8080
08:29:55 [INFO] 🎬 Bridge running at http://10.1.0.201:8080/manifest.json
09:29:55 [INFO] Checking for extension updates…
10:29:56 [INFO] Checking for extension updates…
11:29:56 [INFO] Checking for extension updates…
12:29:56 [INFO] Checking for extension updates…
13:20:58 [INFO] All plugins unloaded
13:20:58 [INFO] No installed plugins to load
13:20:58 [INFO] Found 0 installed plugin(s)
13:20:58 [INFO] Stremio server started on port 8080
13:20:58 [INFO] 🎬 Bridge running at http://10.1.0.156:8080/manifest.json
14:20:58 [INFO] Checking for extension updates…
15:20:58 [INFO] Checking for extension updates…
16:20:59 [INFO] Checking for extension updates…
17:20:59 [INFO] Checking for extension updates…
18:11:57 [INFO] All plugins unloaded
18:11:57 [INFO] No installed plugins to load
18:11:57 [INFO] Found 0 installed plugin(s)
18:11:57 [INFO] Stremio server started on port 8080
18:11:57 [INFO] 🎬 Bridge running at http://10.1.0.34:8080/manifest.json
19:11:57 [INFO] Checking for extension updates…
20:11:57 [INFO] Checking for extension updates…
21:11:58 [INFO] Checking for extension updates…
22:11:58 [INFO] Checking for extension updates…
23:02:58 [INFO] All plugins unloaded
23:02:58 [INFO] No installed plugins to load
23:02:58 [INFO] Found 0 installed plugin(s)
23:02:59 [INFO] Stremio server started on port 8080
23:02:59 [INFO] 🎬 Bridge running at http://10.1.0.199:8080/manifest.json
00:02:59 [INFO] Checking for extension updates…
01:02:59 [INFO] Checking for extension updates…
02:02:59 [INFO] Checking for extension updates…
03:02:59 [INFO] Checking for extension updates…
03:54:01 [INFO] All plugins unloaded
03:54:01 [INFO] No installed plugins to load
03:54:01 [INFO] Found 0 installed plugin(s)
03:54:02 [INFO] Stremio server started on port 8080
03:54:02 [INFO] 🎬 Bridge running at http://10.1.0.178:8080/manifest.json
04:54:02 [INFO] Checking for extension updates…
05:54:02 [INFO] Checking for extension updates…
06:54:02 [INFO] Checking for extension updates…
07:54:03 [INFO] Checking for extension updates…
08:45:01 [INFO] All plugins unloaded
08:45:01 [INFO] No installed plugins to load
08:45:01 [INFO] Found 0 installed plugin(s)
08:45:02 [INFO] Stremio server started on port 8080
08:45:02 [INFO] 🎬 Bridge running at http://10.1.0.18:8080/manifest.json
09:45:02 [INFO] Checking for extension updates…
10:45:02 [INFO] Checking for extension updates…
11:45:02 [INFO] Checking for extension updates…
12:45:02 [INFO] Checking for extension updates…
13:35:58 [INFO] All plugins unloaded
13:35:58 [INFO] No installed plugins to load
13:35:58 [INFO] Found 0 installed plugin(s)
13:35:59 [INFO] Stremio server started on port 8080
13:35:59 [INFO] 🎬 Bridge running at http://10.1.0.141:8080/manifest.json
14:35:59 [INFO] Checking for extension updates…
15:35:59 [INFO] Checking for extension updates…
16:35:59 [INFO] Checking for extension updates…
17:35:59 [INFO] Checking for extension updates…
18:27:01 [INFO] All plugins unloaded
18:27:01 [INFO] No installed plugins to load
18:27:01 [INFO] Found 0 installed plugin(s)
18:27:02 [INFO] Stremio server started on port 8080
18:27:02 [INFO] 🎬 Bridge running at http://10.1.0.226:8080/manifest.json
19:27:02 [INFO] Checking for extension updates…
20:27:02 [INFO] Checking for extension updates…
21:27:03 [INFO] Checking for extension updates…
22:27:03 [INFO] Checking for extension updates…
23:17:58 [INFO] All plugins unloaded
23:17:58 [INFO] No installed plugins to load
23:17:58 [INFO] Found 0 installed plugin(s)
23:17:58 [INFO] Stremio server started on port 8080
23:17:58 [INFO] 🎬 Bridge running at http://10.1.1.157:8080/manifest.json
00:17:58 [INFO] Checking for extension updates…
01:17:58 [INFO] Checking for extension updates…
02:17:59 [INFO] Checking for extension updates…
03:18:00 [INFO] Checking for extension updates…
04:08:52 [INFO] All plugins unloaded
04:08:52 [INFO] No installed plugins to load
04:08:52 [INFO] Found 0 installed plugin(s)
04:08:53 [INFO] Stremio server started on port 8080
04:08:53 [INFO] 🎬 Bridge running at http://10.1.0.106:8080/manifest.json
05:08:53 [INFO] Checking for extension updates…
06:08:53 [INFO] Checking for extension updates…
07:08:53 [INFO] Checking for extension updates…
08:08:53 [INFO] Checking for extension updates…
08:59:50 [INFO] All plugins unloaded
08:59:50 [INFO] No installed plugins to load
08:59:50 [INFO] Found 0 installed plugin(s)
08:59:51 [INFO] Stremio server started on port 8080
08:59:51 [INFO] 🎬 Bridge running at http://10.1.0.67:8080/manifest.json
09:59:51 [INFO] Checking for extension updates…
10:59:58 [INFO] Checking for extension updates…
11:59:58 [INFO] Checking for extension updates…
12:59:58 [INFO] Checking for extension updates…
13:50:50 [INFO] All plugins unloaded
13:50:50 [INFO] No installed plugins to load
13:50:50 [INFO] Found 0 installed plugin(s)
13:50:50 [INFO] Stremio server started on port 8080
13:50:50 [INFO] 🎬 Bridge running at http://10.1.1.115:8080/manifest.json
14:50:50 [INFO] Checking for extension updates…
15:50:50 [INFO] Checking for extension updates…
16:50:51 [INFO] Checking for extension updates…
17:50:51 [INFO] Checking for extension updates…
18:41:45 [INFO] All plugins unloaded
18:41:45 [INFO] No installed plugins to load
18:41:45 [INFO] Found 0 installed plugin(s)
18:41:46 [INFO] Stremio server started on port 8080
18:41:46 [INFO] 🎬 Bridge running at http://10.1.1.144:8080/manifest.json
19:41:46 [INFO] Checking for extension updates…
20:41:47 [INFO] Checking for extension updates…
21:41:47 [INFO] Checking for extension updates…
22:41:48 [INFO] Checking for extension updates…
23:32:56 [INFO] All plugins unloaded
23:32:56 [INFO] No installed plugins to load
23:32:56 [INFO] Found 0 installed plugin(s)
23:32:57 [INFO] Stremio server started on port 8080
23:32:57 [INFO] 🎬 Bridge running at http://10.1.0.147:8080/manifest.json
00:32:57 [INFO] Checking for extension updates…
01:32:57 [INFO] Checking for extension updates…
02:32:57 [INFO] Checking for extension updates…
03:32:58 [INFO] Checking for extension updates…
04:24:02 [INFO] All plugins unloaded
04:24:02 [INFO] No installed plugins to load
04:24:02 [INFO] Found 0 installed plugin(s)
04:24:02 [INFO] Stremio server started on port 8080
04:24:02 [INFO] 🎬 Bridge running at http://10.1.0.116:8080/manifest.json
05:24:02 [INFO] Checking for extension updates…
06:24:03 [INFO] Checking for extension updates…
07:24:03 [INFO] Checking for extension updates…
08:24:03 [INFO] Checking for extension updates…
09:15:03 [INFO] All plugins unloaded
09:15:03 [INFO] No installed plugins to load
09:15:03 [INFO] Found 0 installed plugin(s)
09:15:04 [INFO] Stremio server started on port 8080
09:15:04 [INFO] 🎬 Bridge running at http://10.1.0.40:8080/manifest.json
10:15:04 [INFO] Checking for extension updates…
11:15:04 [INFO] Checking for extension updates…
12:15:04 [INFO] Checking for extension updates…
13:15:05 [INFO] Checking for extension updates…
14:06:00 [INFO] All plugins unloaded
14:06:00 [INFO] No installed plugins to load
14:06:00 [INFO] Found 0 installed plugin(s)
14:06:00 [INFO] Stremio server started on port 8080
14:06:00 [INFO] 🎬 Bridge running at http://10.1.0.250:8080/manifest.json
15:06:00 [INFO] Checking for extension updates…
16:06:01 [INFO] Checking for extension updates…
17:06:01 [INFO] Checking for extension updates…
18:06:01 [INFO] Checking for extension updates…
18:57:02 [INFO] All plugins unloaded
18:57:02 [INFO] No installed plugins to load
18:57:02 [INFO] Found 0 installed plugin(s)
18:57:03 [INFO] Stremio server started on port 8080
18:57:03 [INFO] 🎬 Bridge running at http://10.1.0.124:8080/manifest.json
19:57:03 [INFO] Checking for extension updates…
20:57:03 [INFO] Checking for extension updates…
21:57:03 [INFO] Checking for extension updates…
22:57:03 [INFO] Checking for extension updates…
23:48:10 [INFO] All plugins unloaded
23:48:10 [INFO] No installed plugins to load
23:48:10 [INFO] Found 0 installed plugin(s)
23:48:10 [INFO] Stremio server started on port 8080
23:48:10 [INFO] 🎬 Bridge running at http://10.1.0.108:8080/manifest.json
00:48:10 [INFO] Checking for extension updates…
01:48:11 [INFO] Checking for extension updates…
02:48:11 [INFO] Checking for extension updates…
03:48:11 [INFO] Checking for extension updates…
04:39:12 [INFO] All plugins unloaded
04:39:12 [INFO] No installed plugins to load
04:39:12 [INFO] Found 0 installed plugin(s)
04:39:12 [INFO] Stremio server started on port 8080
04:39:12 [INFO] 🎬 Bridge running at http://10.1.0.13:8080/manifest.json
05:39:12 [INFO] Checking for extension updates…
06:39:13 [INFO] Checking for extension updates…
07:39:13 [INFO] Checking for extension updates…
08:39:13 [INFO] Checking for extension updates…
09:30:11 [INFO] All plugins unloaded
09:30:11 [INFO] No installed plugins to load
09:30:11 [INFO] Found 0 installed plugin(s)
09:30:11 [INFO] Stremio server started on port 8080
09:30:11 [INFO] 🎬 Bridge running at http://10.1.0.149:8080/manifest.json
10:30:11 [INFO] Checking for extension updates…
11:30:12 [INFO] Checking for extension updates…
12:30:12 [INFO] Checking for extension updates…
13:30:12 [INFO] Checking for extension updates…
14:21:16 [INFO] All plugins unloaded
14:21:16 [INFO] No installed plugins to load
14:21:16 [INFO] Found 0 installed plugin(s)
14:21:16 [INFO] Stremio server started on port 8080
14:21:16 [INFO] 🎬 Bridge running at http://10.1.0.204:8080/manifest.json
15:21:16 [INFO] Checking for extension updates…
16:21:17 [INFO] Checking for extension updates…
17:21:17 [INFO] Checking for extension updates…
18:21:18 [INFO] Checking for extension updates…
19:12:22 [INFO] All plugins unloaded
19:12:22 [INFO] No installed plugins to load
19:12:22 [INFO] Found 0 installed plugin(s)
19:12:22 [INFO] Stremio server started on port 8080
19:12:22 [INFO] 🎬 Bridge running at http://10.1.1.26:8080/manifest.json
20:12:22 [INFO] Checking for extension updates…
21:12:23 [INFO] Checking for extension updates…
22:12:23 [INFO] Checking for extension updates…
23:12:23 [INFO] Checking for extension updates…
00:03:23 [INFO] All plugins unloaded
00:03:23 [INFO] No installed plugins to load
00:03:23 [INFO] Found 0 installed plugin(s)
00:03:23 [INFO] Stremio server started on port 8080
00:03:23 [INFO] 🎬 Bridge running at http://10.1.0.105:8080/manifest.json
01:03:23 [INFO] Checking for extension updates…
02:03:23 [INFO] Checking for extension updates…
03:03:24 [INFO] Checking for extension updates…
04:03:24 [INFO] Checking for extension updates…
04:54:18 [INFO] All plugins unloaded
04:54:18 [INFO] No installed plugins to load
04:54:18 [INFO] Found 0 installed plugin(s)
04:54:18 [INFO] Stremio server started on port 8080
04:54:18 [INFO] 🎬 Bridge running at http://10.1.0.20:8080/manifest.json
05:54:18 [INFO] Checking for extension updates…
06:54:19 [INFO] Checking for extension updates…
07:54:19 [INFO] Checking for extension updates…
08:54:19 [INFO] Checking for extension updates…
09:45:17 [INFO] All plugins unloaded
09:45:17 [INFO] No installed plugins to load
09:45:17 [INFO] Found 0 installed plugin(s)
09:45:17 [INFO] Stremio server started on port 8080
09:45:17 [INFO] 🎬 Bridge running at http://10.1.1.128:8080/manifest.json
10:45:17 [INFO] Checking for extension updates…
11:45:17 [INFO] Checking for extension updates…
12:45:18 [INFO] Checking for extension updates…
13:45:19 [INFO] Checking for extension updates…
14:36:21 [INFO] All plugins unloaded
14:36:21 [INFO] No installed plugins to load
14:36:21 [INFO] Found 0 installed plugin(s)
14:36:22 [INFO] Stremio server started on port 8080
14:36:22 [INFO] 🎬 Bridge running at http://10.1.0.92:8080/manifest.json
15:36:22 [INFO] Checking for extension updates…
16:36:23 [INFO] Checking for extension updates…
17:36:23 [INFO] Checking for extension updates…
18:36:23 [INFO] Checking for extension updates…
19:28:38 [INFO] All plugins unloaded
19:28:38 [INFO] No installed plugins to load
19:28:38 [INFO] Found 0 installed plugin(s)
19:28:39 [INFO] Stremio server started on port 8080
19:28:39 [INFO] 🎬 Bridge running at http://10.1.0.136:8080/manifest.json
20:28:39 [INFO] Checking for extension updates…
21:28:39 [INFO] Checking for extension updates…
22:28:40 [INFO] Checking for extension updates…
23:28:40 [INFO] Checking for extension updates…
00:19:41 [INFO] All plugins unloaded
00:19:41 [INFO] No installed plugins to load
00:19:41 [INFO] Found 0 installed plugin(s)
00:19:41 [INFO] Stremio server started on port 8080
00:19:41 [INFO] 🎬 Bridge running at http://10.1.0.14:8080/manifest.json
01:19:41 [INFO] Checking for extension updates…
02:19:42 [INFO] Checking for extension updates…
03:19:42 [INFO] Checking for extension updates…
04:19:42 [INFO] Checking for extension updates…
05:10:38 [INFO] All plugins unloaded
05:10:38 [INFO] No installed plugins to load
05:10:38 [INFO] Found 0 installed plugin(s)
05:10:38 [INFO] Stremio server started on port 8080
05:10:38 [INFO] 🎬 Bridge running at http://10.1.0.248:8080/manifest.json
06:10:38 [INFO] Checking for extension updates…
07:10:39 [INFO] Checking for extension updates…
08:10:39 [INFO] Checking for extension updates…
09:10:39 [INFO] Checking for extension updates…
10:01:43 [INFO] All plugins unloaded
10:01:43 [INFO] No installed plugins to load
10:01:43 [INFO] Found 0 installed plugin(s)
10:01:43 [INFO] Stremio server started on port 8080
10:01:43 [INFO] 🎬 Bridge running at http://10.1.1.124:8080/manifest.json
11:01:43 [INFO] Checking for extension updates…
12:01:43 [INFO] Checking for extension updates…
13:01:44 [INFO] Checking for extension updates…
14:01:44 [INFO] Checking for extension updates…
14:53:00 [INFO] All plugins unloaded
14:53:00 [INFO] No installed plugins to load
14:53:00 [INFO] Found 0 installed plugin(s)
14:53:00 [INFO] Stremio server started on port 8080
14:53:00 [INFO] 🎬 Bridge running at http://10.1.0.12:8080/manifest.json
15:53:00 [INFO] Checking for extension updates…
16:53:01 [INFO] Checking for extension updates…
17:53:01 [INFO] Checking for extension updates…
18:53:01 [INFO] Checking for extension updates…
19:44:04 [INFO] All plugins unloaded
19:44:04 [INFO] No installed plugins to load
19:44:04 [INFO] Found 0 installed plugin(s)
19:44:05 [INFO] Stremio server started on port 8080
19:44:05 [INFO] 🎬 Bridge running at http://10.1.0.18:8080/manifest.json
20:44:05 [INFO] Checking for extension updates…
21:44:05 [INFO] Checking for extension updates…
22:44:05 [INFO] Checking for extension updates…
23:44:05 [INFO] Checking for extension updates…
00:35:03 [INFO] All plugins unloaded
00:35:03 [INFO] No installed plugins to load
00:35:03 [INFO] Found 0 installed plugin(s)
00:35:03 [INFO] Stremio server started on port 8080
00:35:03 [INFO] 🎬 Bridge running at http://10.1.1.183:8080/manifest.json
01:35:03 [INFO] Checking for extension updates…
02:35:04 [INFO] Checking for extension updates…
03:35:04 [INFO] Checking for extension updates…
04:35:04 [INFO] Checking for extension updates…
05:25:59 [INFO] All plugins unloaded
05:25:59 [INFO] No installed plugins to load
05:25:59 [INFO] Found 0 installed plugin(s)
05:25:59 [INFO] Stremio server started on port 8080
05:25:59 [INFO] 🎬 Bridge running at http://10.1.0.161:8080/manifest.json
06:25:59 [INFO] Checking for extension updates…
07:25:59 [INFO] Checking for extension updates…
08:26:00 [INFO] Checking for extension updates…
09:26:00 [INFO] Checking for extension updates…
10:17:01 [INFO] All plugins unloaded
10:17:01 [INFO] No installed plugins to load
10:17:01 [INFO] Found 0 installed plugin(s)
10:17:02 [INFO] Stremio server started on port 8080
10:17:02 [INFO] 🎬 Bridge running at http://10.1.1.169:8080/manifest.json
11:17:02 [INFO] Checking for extension updates…
12:17:02 [INFO] Checking for extension updates…
13:17:02 [INFO] Checking for extension updates…
14:17:03 [INFO] Checking for extension updates…
15:08:08 [INFO] All plugins unloaded
15:08:08 [INFO] No installed plugins to load
15:08:08 [INFO] Found 0 installed plugin(s)
15:08:08 [INFO] Stremio server started on port 8080
15:08:08 [INFO] 🎬 Bridge running at http://10.1.1.161:8080/manifest.json
16:08:08 [INFO] Checking for extension updates…
17:08:09 [INFO] Checking for extension updates…
18:08:09 [INFO] Checking for extension updates…
19:08:10 [INFO] Checking for extension updates…
19:59:12 [INFO] All plugins unloaded
19:59:12 [INFO] No installed plugins to load
19:59:12 [INFO] Found 0 installed plugin(s)
19:59:12 [INFO] Stremio server started on port 8080
19:59:12 [INFO] 🎬 Bridge running at http://10.1.0.186:8080/manifest.json
20:59:12 [INFO] Checking for extension updates…
21:59:13 [INFO] Checking for extension updates…
22:59:14 [INFO] Checking for extension updates…
23:59:14 [INFO] Checking for extension updates…
00:50:23 [INFO] All plugins unloaded
00:50:23 [INFO] No installed plugins to load
00:50:23 [INFO] Found 0 installed plugin(s)
00:50:23 [INFO] Stremio server started on port 8080
00:50:23 [INFO] 🎬 Bridge running at http://10.1.0.144:8080/manifest.json
01:50:23 [INFO] Checking for extension updates…
02:50:24 [INFO] Checking for extension updates…
03:50:24 [INFO] Checking for extension updates…
04:50:24 [INFO] Checking for extension updates…
05:41:15 [INFO] All plugins unloaded
05:41:15 [INFO] No installed plugins to load
05:41:15 [INFO] Found 0 installed plugin(s)
05:41:15 [INFO] Stremio server started on port 8080
05:41:15 [INFO] 🎬 Bridge running at http://10.1.1.185:8080/manifest.json
06:41:15 [INFO] Checking for extension updates…
07:41:16 [INFO] Checking for extension updates…
08:41:16 [INFO] Checking for extension updates…
09:41:16 [INFO] Checking for extension updates…
10:32:17 [INFO] All plugins unloaded
10:32:17 [INFO] No installed plugins to load
10:32:17 [INFO] Found 0 installed plugin(s)
10:32:18 [INFO] Stremio server started on port 8080
10:32:18 [INFO] 🎬 Bridge running at http://10.1.0.140:8080/manifest.json
11:32:18 [INFO] Checking for extension updates…
12:32:18 [INFO] Checking for extension updates…
13:32:18 [INFO] Checking for extension updates…
14:32:18 [INFO] Checking for extension updates…
15:23:22 [INFO] All plugins unloaded
15:23:22 [INFO] No installed plugins to load
15:23:22 [INFO] Found 0 installed plugin(s)
15:23:22 [INFO] Stremio server started on port 8080
15:23:22 [INFO] 🎬 Bridge running at http://10.1.0.114:8080/manifest.json
16:23:22 [INFO] Checking for extension updates…
17:23:22 [INFO] Checking for extension updates…
18:23:23 [INFO] Checking for extension updates…
19:23:23 [INFO] Checking for extension updates…
20:14:20 [INFO] All plugins unloaded
20:14:20 [INFO] No installed plugins to load
20:14:20 [INFO] Found 0 installed plugin(s)
20:14:20 [INFO] Stremio server started on port 8080
20:14:20 [INFO] 🎬 Bridge running at http://10.1.0.46:8080/manifest.json
21:14:20 [INFO] Checking for extension updates…
22:14:20 [INFO] Checking for extension updates…
23:14:21 [INFO] Checking for extension updates…
00:14:21 [INFO] Checking for extension updates…
01:05:17 [INFO] All plugins unloaded
01:05:17 [INFO] No installed plugins to load
01:05:17 [INFO] Found 0 installed plugin(s)
01:05:18 [INFO] Stremio server started on port 8080
01:05:18 [INFO] 🎬 Bridge running at http://10.1.1.114:8080/manifest.json
02:05:18 [INFO] Checking for extension updates…
03:05:18 [INFO] Checking for extension updates…
04:05:18 [INFO] Checking for extension updates…
05:05:18 [INFO] Checking for extension updates…
05:56:16 [INFO] All plugins unloaded
05:56:16 [INFO] No installed plugins to load
05:56:16 [INFO] Found 0 installed plugin(s)
05:56:17 [INFO] Stremio server started on port 8080
05:56:17 [INFO] 🎬 Bridge running at http://10.1.0.122:8080/manifest.json
06:56:17 [INFO] Checking for extension updates…
07:56:17 [INFO] Checking for extension updates…
08:56:17 [INFO] Checking for extension updates…
09:56:17 [INFO] Checking for extension updates…
10:47:50 [INFO] All plugins unloaded
10:47:50 [INFO] No installed plugins to load
10:47:50 [INFO] Found 0 installed plugin(s)
10:47:51 [INFO] Stremio server started on port 8080
10:47:51 [INFO] 🎬 Bridge running at http://10.1.0.20:8080/manifest.json
11:47:51 [INFO] Checking for extension updates…
12:47:51 [INFO] Checking for extension updates…
13:47:51 [INFO] Checking for extension updates…
14:47:51 [INFO] Checking for extension updates…
15:38:53 [INFO] All plugins unloaded
15:38:53 [INFO] No installed plugins to load
15:38:53 [INFO] Found 0 installed plugin(s)
15:38:53 [INFO] Stremio server started on port 8080
15:38:53 [INFO] 🎬 Bridge running at http://10.1.0.230:8080/manifest.json
16:38:53 [INFO] Checking for extension updates…
17:38:53 [INFO] Checking for extension updates…
18:38:53 [INFO] Checking for extension updates…
19:38:53 [INFO] Checking for extension updates…
20:29:47 [INFO] All plugins unloaded
20:29:47 [INFO] No installed plugins to load
20:29:47 [INFO] Found 0 installed plugin(s)
20:29:47 [INFO] Stremio server started on port 8080
20:29:47 [INFO] 🎬 Bridge running at http://10.1.1.241:8080/manifest.json
21:29:47 [INFO] Checking for extension updates…
22:29:47 [INFO] Checking for extension updates…
23:29:48 [INFO] Checking for extension updates…
00:29:48 [INFO] Checking for extension updates…
01:20:51 [INFO] All plugins unloaded
01:20:51 [INFO] No installed plugins to load
01:20:51 [INFO] Found 0 installed plugin(s)
01:20:51 [INFO] Stremio server started on port 8080
01:20:51 [INFO] 🎬 Bridge running at http://10.1.0.121:8080/manifest.json
02:20:51 [INFO] Checking for extension updates…
03:20:51 [INFO] Checking for extension updates…
04:20:52 [INFO] Checking for extension updates…
05:20:52 [INFO] Checking for extension updates…
06:11:55 [INFO] All plugins unloaded
06:11:55 [INFO] No installed plugins to load
06:11:55 [INFO] Found 0 installed plugin(s)
06:11:56 [INFO] Stremio server started on port 8080
06:11:56 [INFO] 🎬 Bridge running at http://10.1.0.162:8080/manifest.json
07:11:56 [INFO] Checking for extension updates…
08:11:56 [INFO] Checking for extension updates…
09:11:56 [INFO] Checking for extension updates…
10:11:56 [INFO] Checking for extension updates…
11:02:45 [INFO] All plugins unloaded
11:02:45 [INFO] No installed plugins to load
11:02:45 [INFO] Found 0 installed plugin(s)
11:02:45 [INFO] Stremio server started on port 8080
11:02:45 [INFO] 🎬 Bridge running at http://10.1.0.218:8080/manifest.json
12:02:45 [INFO] Checking for extension updates…
13:02:45 [INFO] Checking for extension updates…
14:02:45 [INFO] Checking for extension updates…
15:02:46 [INFO] Checking for extension updates…
15:53:46 [INFO] All plugins unloaded
15:53:46 [INFO] No installed plugins to load
15:53:46 [INFO] Found 0 installed plugin(s)
15:53:47 [INFO] Stremio server started on port 8080
15:53:47 [INFO] 🎬 Bridge running at http://10.1.0.173:8080/manifest.json
16:53:47 [INFO] Checking for extension updates…
17:53:47 [INFO] Checking for extension updates…
18:53:47 [INFO] Checking for extension updates…
19:53:47 [INFO] Checking for extension updates…
20:44:45 [INFO] All plugins unloaded
20:44:45 [INFO] No installed plugins to load
20:44:45 [INFO] Found 0 installed plugin(s)
20:44:45 [INFO] Stremio server started on port 8080
20:44:45 [INFO] 🎬 Bridge running at http://10.1.0.227:8080/manifest.json
21:44:45 [INFO] Checking for extension updates…
22:44:45 [INFO] Checking for extension updates…
23:44:45 [INFO] Checking for extension updates…
00:44:45 [INFO] Checking for extension updates…
01:35:43 [INFO] All plugins unloaded
01:35:43 [INFO] No installed plugins to load
01:35:43 [INFO] Found 0 installed plugin(s)
01:35:44 [INFO] Stremio server started on port 8080
01:35:44 [INFO] 🎬 Bridge running at http://10.1.0.156:8080/manifest.json
02:35:44 [INFO] Checking for extension updates…
03:35:44 [INFO] Checking for extension updates…
04:35:44 [INFO] Checking for extension updates…
05:35:44 [INFO] Checking for extension updates…
06:26:45 [INFO] All plugins unloaded
06:26:45 [INFO] No installed plugins to load
06:26:45 [INFO] Found 0 installed plugin(s)
06:26:45 [INFO] Stremio server started on port 8080
06:26:45 [INFO] 🎬 Bridge running at http://10.1.0.140:8080/manifest.json
07:26:45 [INFO] Checking for extension updates…
08:26:45 [INFO] Checking for extension updates…
09:26:46 [INFO] Checking for extension updates…
10:26:46 [INFO] Checking for extension updates…
11:17:43 [INFO] All plugins unloaded
11:17:43 [INFO] No installed plugins to load
11:17:43 [INFO] Found 0 installed plugin(s)
11:17:44 [INFO] Stremio server started on port 8080
11:17:44 [INFO] 🎬 Bridge running at http://10.1.0.60:8080/manifest.json
12:17:44 [INFO] Checking for extension updates…
13:17:44 [INFO] Checking for extension updates…
14:17:44 [INFO] Checking for extension updates…
15:17:48 [INFO] Checking for extension updates…
16:08:42 [INFO] All plugins unloaded
16:08:42 [INFO] No installed plugins to load
16:08:42 [INFO] Found 0 installed plugin(s)
16:08:43 [INFO] Stremio server started on port 8080
16:08:43 [INFO] 🎬 Bridge running at http://10.1.0.107:8080/manifest.json
17:08:43 [INFO] Checking for extension updates…
18:08:43 [INFO] Checking for extension updates…
19:08:44 [INFO] Checking for extension updates…
20:08:44 [INFO] Checking for extension updates…
20:59:32 [INFO] All plugins unloaded
20:59:32 [INFO] No installed plugins to load
20:59:32 [INFO] Found 0 installed plugin(s)
20:59:32 [INFO] Stremio server started on port 8080
20:59:32 [INFO] 🎬 Bridge running at http://10.1.0.178:8080/manifest.json
21:59:32 [INFO] Checking for extension updates…
22:59:33 [INFO] Checking for extension updates…
23:59:33 [INFO] Checking for extension updates…
00:59:33 [INFO] Checking for extension updates…
01:50:39 [INFO] All plugins unloaded
01:50:39 [INFO] No installed plugins to load
01:50:39 [INFO] Found 0 installed plugin(s)
01:50:40 [INFO] Stremio server started on port 8080
01:50:40 [INFO] 🎬 Bridge running at http://10.1.0.134:8080/manifest.json
02:50:40 [INFO] Checking for extension updates…
03:50:40 [INFO] Checking for extension updates…
04:50:40 [INFO] Checking for extension updates…
05:50:41 [INFO] Checking for extension updates…
06:41:33 [INFO] All plugins unloaded
06:41:33 [INFO] No installed plugins to load
06:41:33 [INFO] Found 0 installed plugin(s)
06:41:33 [INFO] Stremio server started on port 8080
06:41:33 [INFO] 🎬 Bridge running at http://10.1.0.193:8080/manifest.json
07:41:33 [INFO] Checking for extension updates…
08:41:33 [INFO] Checking for extension updates…
09:41:34 [INFO] Checking for extension updates…
10:41:34 [INFO] Checking for extension updates…
11:32:40 [INFO] All plugins unloaded
11:32:40 [INFO] No installed plugins to load
11:32:40 [INFO] Found 0 installed plugin(s)
11:32:40 [INFO] Stremio server started on port 8080
11:32:40 [INFO] 🎬 Bridge running at http://10.1.1.226:8080/manifest.json
12:32:40 [INFO] Checking for extension updates…
13:32:41 [INFO] Checking for extension updates…
14:32:41 [INFO] Checking for extension updates…
15:32:41 [INFO] Checking for extension updates…
16:23:34 [INFO] All plugins unloaded
16:23:34 [INFO] No installed plugins to load
16:23:34 [INFO] Found 0 installed plugin(s)
16:23:34 [INFO] Stremio server started on port 8080
16:23:34 [INFO] 🎬 Bridge running at http://10.1.0.94:8080/manifest.json
17:23:34 [INFO] Checking for extension updates…
18:23:35 [INFO] Checking for extension updates…
19:23:35 [INFO] Checking for extension updates…
20:23:35 [INFO] Checking for extension updates…
21:14:35 [INFO] All plugins unloaded
21:14:35 [INFO] No installed plugins to load
21:14:35 [INFO] Found 0 installed plugin(s)
21:14:36 [INFO] Stremio server started on port 8080
21:14:36 [INFO] 🎬 Bridge running at http://10.1.0.121:8080/manifest.json
22:14:36 [INFO] Checking for extension updates…
23:14:36 [INFO] Checking for extension updates…
00:14:36 [INFO] Checking for extension updates…
01:14:37 [INFO] Checking for extension updates…
02:05:29 [INFO] All plugins unloaded
02:05:29 [INFO] No installed plugins to load
02:05:29 [INFO] Found 0 installed plugin(s)
02:05:29 [INFO] Stremio server started on port 8080
02:05:29 [INFO] 🎬 Bridge running at http://10.1.0.20:8080/manifest.json
03:05:29 [INFO] Checking for extension updates…
04:05:29 [INFO] Checking for extension updates…
05:05:29 [INFO] Checking for extension updates…
06:05:29 [INFO] Checking for extension updates…
06:56:26 [INFO] All plugins unloaded
06:56:26 [INFO] No installed plugins to load
06:56:26 [INFO] Found 0 installed plugin(s)
06:56:27 [INFO] Stremio server started on port 8080
06:56:27 [INFO] 🎬 Bridge running at http://10.1.0.16:8080/manifest.json
07:56:27 [INFO] Checking for extension updates…
08:56:27 [INFO] Checking for extension updates…
09:56:27 [INFO] Checking for extension updates…
10:56:28 [INFO] Checking for extension updates…
11:47:35 [INFO] All plugins unloaded
11:47:35 [INFO] No installed plugins to load
11:47:35 [INFO] Found 0 installed plugin(s)
11:47:36 [INFO] Stremio server started on port 8080
11:47:36 [INFO] 🎬 Bridge running at http://10.1.1.151:8080/manifest.json
12:47:36 [INFO] Checking for extension updates…
13:47:36 [INFO] Checking for extension updates…
14:47:36 [INFO] Checking for extension updates…
15:47:37 [INFO] Checking for extension updates…
16:38:39 [INFO] All plugins unloaded
16:38:39 [INFO] No installed plugins to load
16:38:39 [INFO] Found 0 installed plugin(s)
16:38:39 [INFO] Stremio server started on port 8080
16:38:39 [INFO] 🎬 Bridge running at http://10.1.0.207:8080/manifest.json
17:38:39 [INFO] Checking for extension updates…
18:38:40 [INFO] Checking for extension updates…
19:38:40 [INFO] Checking for extension updates…
20:38:41 [INFO] Checking for extension updates…
21:29:45 [INFO] All plugins unloaded
21:29:45 [INFO] No installed plugins to load
21:29:45 [INFO] Found 0 installed plugin(s)
21:29:45 [INFO] Stremio server started on port 8080
21:29:45 [INFO] 🎬 Bridge running at http://10.1.0.79:8080/manifest.json
22:29:45 [INFO] Checking for extension updates…
23:29:46 [INFO] Checking for extension updates…
00:29:46 [INFO] Checking for extension updates…
01:29:46 [INFO] Checking for extension updates…
02:20:46 [INFO] All plugins unloaded
02:20:46 [INFO] No installed plugins to load
02:20:46 [INFO] Found 0 installed plugin(s)
02:20:46 [INFO] Stremio server started on port 8080
02:20:46 [INFO] 🎬 Bridge running at http://10.1.0.142:8080/manifest.json
03:20:46 [INFO] Checking for extension updates…
04:20:46 [INFO] Checking for extension updates…
05:20:47 [INFO] Checking for extension updates…
06:20:47 [INFO] Checking for extension updates…
07:11:42 [INFO] All plugins unloaded
07:11:42 [INFO] No installed plugins to load
07:11:42 [INFO] Found 0 installed plugin(s)
07:11:42 [INFO] Stremio server started on port 8080
07:11:42 [INFO] 🎬 Bridge running at http://10.1.0.6:8080/manifest.json
08:11:42 [INFO] Checking for extension updates…
09:11:42 [INFO] Checking for extension updates…
10:11:43 [INFO] Checking for extension updates…
11:11:43 [INFO] Checking for extension updates…
12:02:48 [INFO] All plugins unloaded
12:02:48 [INFO] No installed plugins to load
12:02:48 [INFO] Found 0 installed plugin(s)
12:02:48 [INFO] Stremio server started on port 8080
12:02:49 [INFO] 🎬 Bridge running at http://10.1.0.43:8080/manifest.json
13:02:49 [INFO] Checking for extension updates…
14:02:49 [INFO] Checking for extension updates…
15:02:49 [INFO] Checking for extension updates…
16:02:49 [INFO] Checking for extension updates…
16:53:55 [INFO] All plugins unloaded
16:53:55 [INFO] No installed plugins to load
16:53:55 [INFO] Found 0 installed plugin(s)
16:53:56 [INFO] Stremio server started on port 8080
16:53:56 [INFO] 🎬 Bridge running at http://10.1.0.178:8080/manifest.json
17:53:56 [INFO] Checking for extension updates…
18:53:56 [INFO] Checking for extension updates…
19:53:56 [INFO] Checking for extension updates…
20:53:57 [INFO] Checking for extension updates…
21:45:03 [INFO] All plugins unloaded
21:45:03 [INFO] No installed plugins to load
21:45:03 [INFO] Found 0 installed plugin(s)
21:45:04 [INFO] Stremio server started on port 8080
21:45:04 [INFO] 🎬 Bridge running at http://10.1.0.187:8080/manifest.json
22:45:04 [INFO] Checking for extension updates…
23:45:04 [INFO] Checking for extension updates…
00:45:04 [INFO] Checking for extension updates…
01:45:04 [INFO] Checking for extension updates…
02:36:08 [INFO] All plugins unloaded
02:36:08 [INFO] No installed plugins to load
02:36:08 [INFO] Found 0 installed plugin(s)
02:36:08 [INFO] Stremio server started on port 8080
02:36:08 [INFO] 🎬 Bridge running at http://10.1.0.124:8080/manifest.json
03:36:08 [INFO] Checking for extension updates…
04:36:08 [INFO] Checking for extension updates…
05:36:09 [INFO] Checking for extension updates…
06:36:09 [INFO] Checking for extension updates…
07:27:14 [INFO] All plugins unloaded
07:27:14 [INFO] No installed plugins to load
07:27:14 [INFO] Found 0 installed plugin(s)
07:27:15 [INFO] Stremio server started on port 8080
07:27:15 [INFO] 🎬 Bridge running at http://10.1.0.235:8080/manifest.json
08:27:15 [INFO] Checking for extension updates…
09:27:15 [INFO] Checking for extension updates…
10:27:15 [INFO] Checking for extension updates…
11:27:15 [INFO] Checking for extension updates…
12:18:18 [INFO] All plugins unloaded
12:18:18 [INFO] No installed plugins to load
12:18:18 [INFO] Found 0 installed plugin(s)
12:18:19 [INFO] Stremio server started on port 8080
12:18:19 [INFO] 🎬 Bridge running at http://10.1.0.133:8080/manifest.json
13:18:19 [INFO] Checking for extension updates…
14:18:19 [INFO] Checking for extension updates…
15:18:19 [INFO] Checking for extension updates…
16:18:20 [INFO] Checking for extension updates…
17:09:25 [INFO] All plugins unloaded
17:09:25 [INFO] No installed plugins to load
17:09:25 [INFO] Found 0 installed plugin(s)
17:09:26 [INFO] Stremio server started on port 8080
17:09:26 [INFO] 🎬 Bridge running at http://10.1.1.163:8080/manifest.json
18:09:26 [INFO] Checking for extension updates…
19:09:26 [INFO] Checking for extension updates…
20:09:26 [INFO] Checking for extension updates…
21:09:27 [INFO] Checking for extension updates…
22:00:39 [INFO] All plugins unloaded
22:00:39 [INFO] No installed plugins to load
22:00:39 [INFO] Found 0 installed plugin(s)
22:00:40 [INFO] Stremio server started on port 8080
22:00:40 [INFO] 🎬 Bridge running at http://10.1.1.36:8080/manifest.json
23:00:40 [INFO] Checking for extension updates…
00:00:40 [INFO] Checking for extension updates…
01:00:40 [INFO] Checking for extension updates…
02:00:43 [INFO] Checking for extension updates…
02:51:32 [INFO] All plugins unloaded
02:51:32 [INFO] No installed plugins to load
02:51:32 [INFO] Found 0 installed plugin(s)
02:51:32 [INFO] Stremio server started on port 8080
02:51:32 [INFO] 🎬 Bridge running at http://10.1.1.158:8080/manifest.json
03:51:32 [INFO] Checking for extension updates…
04:51:32 [INFO] Checking for extension updates…
05:51:33 [INFO] Checking for extension updates…
06:51:33 [INFO] Checking for extension updates…
07:42:38 [INFO] All plugins unloaded
07:42:38 [INFO] No installed plugins to load
07:42:38 [INFO] Found 0 installed plugin(s)
07:42:39 [INFO] Stremio server started on port 8080
07:42:39 [INFO] 🎬 Bridge running at http://10.1.0.170:8080/manifest.json
08:42:39 [INFO] Checking for extension updates…
09:42:39 [INFO] Checking for extension updates…
10:42:39 [INFO] Checking for extension updates…
11:42:39 [INFO] Checking for extension updates…
12:33:38 [INFO] All plugins unloaded
12:33:38 [INFO] No installed plugins to load
12:33:38 [INFO] Found 0 installed plugin(s)
12:33:38 [INFO] Stremio server started on port 8080
12:33:38 [INFO] 🎬 Bridge running at http://10.1.1.183:8080/manifest.json
13:33:38 [INFO] Checking for extension updates…
14:33:39 [INFO] Checking for extension updates…
15:33:39 [INFO] Checking for extension updates…
16:33:39 [INFO] Checking for extension updates…
17:24:37 [INFO] All plugins unloaded
17:24:37 [INFO] No installed plugins to load
17:24:37 [INFO] Found 0 installed plugin(s)
17:24:37 [INFO] Stremio server started on port 8080
17:24:37 [INFO] 🎬 Bridge running at http://10.1.1.134:8080/manifest.json
18:24:37 [INFO] Checking for extension updates…
19:24:38 [INFO] Checking for extension updates…
20:24:38 [INFO] Checking for extension updates…
21:24:38 [INFO] Checking for extension updates…
22:15:40 [INFO] All plugins unloaded
22:15:40 [INFO] No installed plugins to load
22:15:40 [INFO] Found 0 installed plugin(s)
22:15:41 [INFO] Stremio server started on port 8080
22:15:41 [INFO] 🎬 Bridge running at http://10.1.0.48:8080/manifest.json
23:15:41 [INFO] Checking for extension updates…
00:15:41 [INFO] Checking for extension updates…
01:15:41 [INFO] Checking for extension updates…
02:15:42 [INFO] Checking for extension updates…
03:06:27 [INFO] All plugins unloaded
03:06:27 [INFO] No installed plugins to load
03:06:27 [INFO] Found 0 installed plugin(s)
03:06:27 [INFO] Stremio server started on port 8080
03:06:27 [INFO] 🎬 Bridge running at http://10.1.0.189:8080/manifest.json
04:06:27 [INFO] Checking for extension updates…
05:06:28 [INFO] Checking for extension updates…
06:06:28 [INFO] Checking for extension updates…
07:06:28 [INFO] Checking for extension updates…
07:57:32 [INFO] All plugins unloaded
07:57:32 [INFO] No installed plugins to load
07:57:32 [INFO] Found 0 installed plugin(s)
07:57:33 [INFO] Stremio server started on port 8080
07:57:33 [INFO] 🎬 Bridge running at http://10.1.0.36:8080/manifest.json
08:57:33 [INFO] Checking for extension updates…
09:57:33 [INFO] Checking for extension updates…
10:57:33 [INFO] Checking for extension updates…
11:57:33 [INFO] Checking for extension updates…
12:48:39 [INFO] All plugins unloaded
12:48:39 [INFO] No installed plugins to load
12:48:39 [INFO] Found 0 installed plugin(s)
12:48:40 [INFO] Stremio server started on port 8080
12:48:40 [INFO] 🎬 Bridge running at http://10.1.0.175:8080/manifest.json
13:48:40 [INFO] Checking for extension updates…
14:48:40 [INFO] Checking for extension updates…
15:48:40 [INFO] Checking for extension updates…
16:48:40 [INFO] Checking for extension updates…
17:39:42 [INFO] All plugins unloaded
17:39:42 [INFO] No installed plugins to load
17:39:42 [INFO] Found 0 installed plugin(s)
17:39:43 [INFO] Stremio server started on port 8080
17:39:43 [INFO] 🎬 Bridge running at http://10.1.0.40:8080/manifest.json
18:39:43 [INFO] Checking for extension updates…
19:39:43 [INFO] Checking for extension updates…
20:39:43 [INFO] Checking for extension updates…
21:39:43 [INFO] Checking for extension updates…
22:30:47 [INFO] All plugins unloaded
22:30:47 [INFO] No installed plugins to load
22:30:47 [INFO] Found 0 installed plugin(s)
22:30:47 [INFO] Stremio server started on port 8080
22:30:47 [INFO] 🎬 Bridge running at http://10.1.0.141:8080/manifest.json
23:30:47 [INFO] Checking for extension updates…
00:30:48 [INFO] Checking for extension updates…
01:30:48 [INFO] Checking for extension updates…
02:30:49 [INFO] Checking for extension updates…
03:21:48 [INFO] All plugins unloaded
03:21:48 [INFO] No installed plugins to load
03:21:48 [INFO] Found 0 installed plugin(s)
03:21:49 [INFO] Stremio server started on port 8080
03:21:49 [INFO] 🎬 Bridge running at http://10.1.0.191:8080/manifest.json
04:21:49 [INFO] Checking for extension updates…
05:21:49 [INFO] Checking for extension updates…
06:21:49 [INFO] Checking for extension updates…
07:21:49 [INFO] Checking for extension updates…
08:12:42 [INFO] All plugins unloaded
08:12:42 [INFO] No installed plugins to load
08:12:42 [INFO] Found 0 installed plugin(s)
08:12:42 [INFO] Stremio server started on port 8080
08:12:42 [INFO] 🎬 Bridge running at http://10.1.0.230:8080/manifest.json
09:12:42 [INFO] Checking for extension updates…
10:12:43 [INFO] Checking for extension updates…
11:12:43 [INFO] Checking for extension updates…
12:12:43 [INFO] Checking for extension updates…
13:03:43 [INFO] All plugins unloaded
13:03:43 [INFO] No installed plugins to load
13:03:43 [INFO] Found 0 installed plugin(s)
13:03:43 [INFO] Stremio server started on port 8080
13:03:43 [INFO] 🎬 Bridge running at http://10.1.0.129:8080/manifest.json
14:03:43 [INFO] Checking for extension updates…
15:03:44 [INFO] Checking for extension updates…
16:03:44 [INFO] Checking for extension updates…
17:03:44 [INFO] Checking for extension updates…
17:54:42 [INFO] All plugins unloaded
17:54:42 [INFO] No installed plugins to load
17:54:42 [INFO] Found 0 installed plugin(s)
17:54:43 [INFO] Stremio server started on port 8080
17:54:43 [INFO] 🎬 Bridge running at http://10.1.0.135:8080/manifest.json
18:54:43 [INFO] Checking for extension updates…
19:54:43 [INFO] Checking for extension updates…
20:54:43 [INFO] Checking for extension updates…
21:54:44 [INFO] Checking for extension updates…
22:45:53 [INFO] All plugins unloaded
22:45:53 [INFO] No installed plugins to load
22:45:53 [INFO] Found 0 installed plugin(s)
22:45:53 [INFO] Stremio server started on port 8080
22:45:53 [INFO] 🎬 Bridge running at http://10.1.0.245:8080/manifest.json
23:45:53 [INFO] Checking for extension updates…
00:45:53 [INFO] Checking for extension updates…
01:45:53 [INFO] Checking for extension updates…
02:45:54 [INFO] Checking for extension updates…
03:36:44 [INFO] All plugins unloaded
03:36:44 [INFO] No installed plugins to load
03:36:44 [INFO] Found 0 installed plugin(s)
03:36:44 [INFO] Stremio server started on port 8080
03:36:44 [INFO] 🎬 Bridge running at http://10.1.0.100:8080/manifest.json
04:36:44 [INFO] Checking for extension updates…
05:36:44 [INFO] Checking for extension updates…
06:36:44 [INFO] Checking for extension updates…
07:36:44 [INFO] Checking for extension updates…
08:27:50 [INFO] All plugins unloaded
08:27:50 [INFO] No installed plugins to load
08:27:50 [INFO] Found 0 installed plugin(s)
08:27:50 [INFO] Stremio server started on port 8080
08:27:50 [INFO] 🎬 Bridge running at http://10.1.0.183:8080/manifest.json
09:27:50 [INFO] Checking for extension updates…
10:27:50 [INFO] Checking for extension updates…
11:27:51 [INFO] Checking for extension updates…
12:27:51 [INFO] Checking for extension updates…
13:18:48 [INFO] All plugins unloaded
13:18:48 [INFO] No installed plugins to load
13:18:48 [INFO] Found 0 installed plugin(s)
13:18:49 [INFO] Stremio server started on port 8080
13:18:49 [INFO] 🎬 Bridge running at http://10.1.0.224:8080/manifest.json
14:18:49 [INFO] Checking for extension updates…
15:18:49 [INFO] Checking for extension updates…
16:18:49 [INFO] Checking for extension updates…
17:18:49 [INFO] Checking for extension updates…
18:09:50 [INFO] All plugins unloaded
18:09:50 [INFO] No installed plugins to load
18:09:50 [INFO] Found 0 installed plugin(s)
18:09:50 [INFO] Stremio server started on port 8080
18:09:50 [INFO] 🎬 Bridge running at http://10.1.0.158:8080/manifest.json
19:09:50 [INFO] Checking for extension updates…
20:09:50 [INFO] Checking for extension updates…
21:09:51 [INFO] Checking for extension updates…
22:09:51 [INFO] Checking for extension updates…
23:00:54 [INFO] All plugins unloaded
23:00:54 [INFO] No installed plugins to load
23:00:54 [INFO] Found 0 installed plugin(s)
23:00:55 [INFO] Stremio server started on port 8080
23:00:55 [INFO] 🎬 Bridge running at http://10.1.0.111:8080/manifest.json
00:00:55 [INFO] Checking for extension updates…
01:00:55 [INFO] Checking for extension updates…
02:00:55 [INFO] Checking for extension updates…
03:00:56 [INFO] Checking for extension updates…
03:51:58 [INFO] All plugins unloaded
03:51:58 [INFO] No installed plugins to load
03:51:58 [INFO] Found 0 installed plugin(s)
03:51:59 [INFO] Stremio server started on port 8080
03:51:59 [INFO] 🎬 Bridge running at http://10.1.1.122:8080/manifest.json
04:51:59 [INFO] Checking for extension updates…
05:51:59 [INFO] Checking for extension updates…
06:51:59 [INFO] Checking for extension updates…
07:51:59 [INFO] Checking for extension updates…
08:42:53 [INFO] All plugins unloaded
08:42:53 [INFO] No installed plugins to load
08:42:53 [INFO] Found 0 installed plugin(s)
08:42:54 [INFO] Stremio server started on port 8080
08:42:54 [INFO] 🎬 Bridge running at http://10.1.1.131:8080/manifest.json
09:42:54 [INFO] Checking for extension updates…
10:42:54 [INFO] Checking for extension updates…
11:42:54 [INFO] Checking for extension updates…
12:42:54 [INFO] Checking for extension updates…
13:33:49 [INFO] All plugins unloaded
13:33:49 [INFO] No installed plugins to load
13:33:49 [INFO] Found 0 installed plugin(s)
13:33:49 [INFO] Stremio server started on port 8080
13:33:49 [INFO] 🎬 Bridge running at http://10.1.0.148:8080/manifest.json
14:33:49 [INFO] Checking for extension updates…
15:33:50 [INFO] Checking for extension updates…
16:33:50 [INFO] Checking for extension updates…
17:33:50 [INFO] Checking for extension updates…
18:24:37 [INFO] All plugins unloaded
18:24:37 [INFO] No installed plugins to load
18:24:37 [INFO] Found 0 installed plugin(s)
18:24:37 [INFO] Stremio server started on port 8080
18:24:37 [INFO] 🎬 Bridge running at http://10.1.1.35:8080/manifest.json
19:24:37 [INFO] Checking for extension updates…
20:24:38 [INFO] Checking for extension updates…
21:24:38 [INFO] Checking for extension updates…
22:24:38 [INFO] Checking for extension updates…
23:15:38 [INFO] All plugins unloaded
23:15:38 [INFO] No installed plugins to load
23:15:38 [INFO] Found 0 installed plugin(s)
23:15:38 [INFO] Stremio server started on port 8080
23:15:38 [INFO] 🎬 Bridge running at http://10.1.0.162:8080/manifest.json
00:15:38 [INFO] Checking for extension updates…
01:15:39 [INFO] Checking for extension updates…
02:15:39 [INFO] Checking for extension updates…
03:15:39 [INFO] Checking for extension updates…
04:06:44 [INFO] All plugins unloaded
04:06:44 [INFO] No installed plugins to load
04:06:44 [INFO] Found 0 installed plugin(s)
04:06:45 [INFO] Stremio server started on port 8080
04:06:45 [INFO] 🎬 Bridge running at http://10.1.0.183:8080/manifest.json
05:06:45 [INFO] Checking for extension updates…
06:06:45 [INFO] Checking for extension updates…
07:06:45 [INFO] Checking for extension updates…
08:06:45 [INFO] Checking for extension updates…
08:57:47 [INFO] All plugins unloaded
08:57:47 [INFO] No installed plugins to load
08:57:47 [INFO] Found 0 installed plugin(s)
08:57:47 [INFO] Stremio server started on port 8080
08:57:47 [INFO] 🎬 Bridge running at http://10.1.0.196:8080/manifest.json
09:57:47 [INFO] Checking for extension updates…
10:57:47 [INFO] Checking for extension updates…
11:57:48 [INFO] Checking for extension updates…
12:57:48 [INFO] Checking for extension updates…
13:48:50 [INFO] All plugins unloaded
13:48:50 [INFO] No installed plugins to load
13:48:50 [INFO] Found 0 installed plugin(s)
13:48:51 [INFO] Stremio server started on port 8080
13:48:51 [INFO] 🎬 Bridge running at http://10.1.0.223:8080/manifest.json
14:48:51 [INFO] Checking for extension updates…
15:48:51 [INFO] Checking for extension updates…
16:48:51 [INFO] Checking for extension updates…
17:48:51 [INFO] Checking for extension updates…
18:39:55 [INFO] All plugins unloaded
18:39:55 [INFO] No installed plugins to load
18:39:55 [INFO] Found 0 installed plugin(s)
18:39:56 [INFO] Stremio server started on port 8080
18:39:56 [INFO] 🎬 Bridge running at http://10.1.0.176:8080/manifest.json
19:39:56 [INFO] Checking for extension updates…
20:39:56 [INFO] Checking for extension updates…
21:39:56 [INFO] Checking for extension updates…
22:39:56 [INFO] Checking for extension updates…
23:30:59 [INFO] All plugins unloaded
23:30:59 [INFO] No installed plugins to load
23:30:59 [INFO] Found 0 installed plugin(s)
23:30:59 [INFO] Stremio server started on port 8080
23:30:59 [INFO] 🎬 Bridge running at http://10.1.1.157:8080/manifest.json
00:30:59 [INFO] Checking for extension updates…
01:30:59 [INFO] Checking for extension updates…
02:31:00 [INFO] Checking for extension updates…
03:31:00 [INFO] Checking for extension updates…
04:22:01 [INFO] All plugins unloaded
04:22:01 [INFO] No installed plugins to load
04:22:01 [INFO] Found 0 installed plugin(s)
04:22:01 [INFO] Stremio server started on port 8080
04:22:01 [INFO] 🎬 Bridge running at http://10.1.0.158:8080/manifest.json
05:22:01 [INFO] Checking for extension updates…
06:22:02 [INFO] Checking for extension updates…
07:22:02 [INFO] Checking for extension updates…
08:22:02 [INFO] Checking for extension updates…
09:13:15 [INFO] All plugins unloaded
09:13:15 [INFO] No installed plugins to load
09:13:15 [INFO] Found 0 installed plugin(s)
09:13:15 [INFO] Stremio server started on port 8080
09:13:15 [INFO] 🎬 Bridge running at http://10.1.1.122:8080/manifest.json
10:13:15 [INFO] Checking for extension updates…
11:13:15 [INFO] Checking for extension updates…
12:13:16 [INFO] Checking for extension updates…
13:13:16 [INFO] Checking for extension updates…
14:05:07 [INFO] All plugins unloaded
14:05:07 [INFO] No installed plugins to load
14:05:07 [INFO] Found 0 installed plugin(s)
14:05:07 [INFO] Stremio server started on port 8080
14:05:07 [INFO] 🎬 Bridge running at http://10.1.0.18:8080/manifest.json
15:05:07 [INFO] Checking for extension updates…
16:05:08 [INFO] Checking for extension updates…
17:05:08 [INFO] Checking for extension updates…
18:05:08 [INFO] Checking for extension updates…
18:56:00 [INFO] All plugins unloaded
18:56:00 [INFO] No installed plugins to load
18:56:00 [INFO] Found 0 installed plugin(s)
18:56:00 [INFO] Stremio server started on port 8080
18:56:00 [INFO] 🎬 Bridge running at http://10.1.1.104:8080/manifest.json
19:56:00 [INFO] Checking for extension updates…
20:56:01 [INFO] Checking for extension updates…
21:56:01 [INFO] Checking for extension updates…
22:56:02 [INFO] Checking for extension updates…
23:46:56 [INFO] All plugins unloaded
23:46:56 [INFO] No installed plugins to load
23:46:56 [INFO] Found 0 installed plugin(s)
23:46:57 [INFO] Stremio server started on port 8080
23:46:57 [INFO] 🎬 Bridge running at http://10.1.0.192:8080/manifest.json
00:46:57 [INFO] Checking for extension updates…
01:46:57 [INFO] Checking for extension updates…
02:46:57 [INFO] Checking for extension updates…
03:46:57 [INFO] Checking for extension updates…
04:37:45 [INFO] All plugins unloaded
04:37:45 [INFO] No installed plugins to load
04:37:45 [INFO] Found 0 installed plugin(s)
04:37:45 [INFO] Stremio server started on port 8080
04:37:45 [INFO] 🎬 Bridge running at http://10.1.0.137:8080/manifest.json
05:37:45 [INFO] Checking for extension updates…
06:37:45 [INFO] Checking for extension updates…
07:37:46 [INFO] Checking for extension updates…
08:37:47 [INFO] Checking for extension updates…
09:28:44 [INFO] All plugins unloaded
09:28:44 [INFO] No installed plugins to load
09:28:44 [INFO] Found 0 installed plugin(s)
09:28:45 [INFO] Stremio server started on port 8080
09:28:45 [INFO] 🎬 Bridge running at http://10.1.0.79:8080/manifest.json
10:28:45 [INFO] Checking for extension updates…
11:28:45 [INFO] Checking for extension updates…
12:28:45 [INFO] Checking for extension updates…
13:28:45 [INFO] Checking for extension updates…
14:19:35 [INFO] All plugins unloaded
14:19:35 [INFO] No installed plugins to load
14:19:35 [INFO] Found 0 installed plugin(s)
14:19:35 [INFO] Stremio server started on port 8080
14:19:35 [INFO] 🎬 Bridge running at http://10.1.0.93:8080/manifest.json
15:19:35 [INFO] Checking for extension updates…
16:19:35 [INFO] Checking for extension updates…
17:19:35 [INFO] Checking for extension updates…
18:19:36 [INFO] Checking for extension updates…
19:10:38 [INFO] All plugins unloaded
19:10:38 [INFO] No installed plugins to load
19:10:38 [INFO] Found 0 installed plugin(s)
19:10:38 [INFO] Stremio server started on port 8080
19:10:38 [INFO] 🎬 Bridge running at http://10.1.0.201:8080/manifest.json
20:10:38 [INFO] Checking for extension updates…
21:10:38 [INFO] Checking for extension updates…
22:10:38 [INFO] Checking for extension updates…
23:10:38 [INFO] Checking for extension updates…
00:01:32 [INFO] All plugins unloaded
00:01:32 [INFO] No installed plugins to load
00:01:32 [INFO] Found 0 installed plugin(s)
00:01:32 [INFO] Stremio server started on port 8080
00:01:32 [INFO] 🎬 Bridge running at http://10.1.0.167:8080/manifest.json
01:01:32 [INFO] Checking for extension updates…
02:01:32 [INFO] Checking for extension updates…
03:01:33 [INFO] Checking for extension updates…
04:01:33 [INFO] Checking for extension updates…
04:52:40 [INFO] All plugins unloaded
04:52:41 [INFO] No installed plugins to load
04:52:41 [INFO] Found 0 installed plugin(s)
04:52:41 [INFO] Stremio server started on port 8080
04:52:41 [INFO] 🎬 Bridge running at http://10.1.0.252:8080/manifest.json
05:52:41 [INFO] Checking for extension updates…
06:52:41 [INFO] Checking for extension updates…
07:52:41 [INFO] Checking for extension updates…
08:52:42 [INFO] Checking for extension updates…
09:43:41 [INFO] All plugins unloaded
09:43:41 [INFO] No installed plugins to load
09:43:41 [INFO] Found 0 installed plugin(s)
09:43:41 [INFO] Stremio server started on port 8080
09:43:41 [INFO] 🎬 Bridge running at http://10.1.0.22:8080/manifest.json
10:43:41 [INFO] Checking for extension updates…
11:43:41 [INFO] Checking for extension updates…
12:43:41 [INFO] Checking for extension updates…
13:43:41 [INFO] Checking for extension updates…
14:34:34 [INFO] All plugins unloaded
14:34:34 [INFO] No installed plugins to load
14:34:34 [INFO] Found 0 installed plugin(s)
14:34:34 [INFO] Stremio server started on port 8080
14:34:34 [INFO] 🎬 Bridge running at http://10.1.1.214:8080/manifest.json
15:34:34 [INFO] Checking for extension updates…
16:34:34 [INFO] Checking for extension updates…
17:34:35 [INFO] Checking for extension updates…
18:34:35 [INFO] Checking for extension updates…
19:25:31 [INFO] All plugins unloaded
19:25:31 [INFO] No installed plugins to load
19:25:31 [INFO] Found 0 installed plugin(s)
19:25:32 [INFO] Stremio server started on port 8080
19:25:32 [INFO] 🎬 Bridge running at http://10.1.0.105:8080/manifest.json
20:25:32 [INFO] Checking for extension updates…
21:25:32 [INFO] Checking for extension updates…
22:25:33 [INFO] Checking for extension updates…
23:25:33 [INFO] Checking for extension updates…
